Reusing configuration cache.
> Task :shared:convertXmlValueResourcesForAndroidMain NO-SOURCE
> Task :shared:generateComposeResClass UP-TO-DATE
> Task :shared:kmpPartiallyResolvedDependenciesChecker
> Task :shared:checkKotlinGradlePluginConfigurationErrors SKIPPED
> Task :shared:androidPreBuild UP-TO-DATE
> Task :shared:copyNonXmlValueResourcesForAndroidMain NO-SOURCE
> Task :shared:generateExpectResourceCollectorsForCommonMain UP-TO-DATE
> Task :shared:convertXmlValueResourcesForCommonMain NO-SOURCE
> Task :shared:preAndroidMainBuild UP-TO-DATE
> Task :shared:prepareComposeResourcesTaskForAndroidMain NO-SOURCE
> Task :shared:generateAndroidMainEmptyResourceFiles UP-TO-DATE
> Task :shared:generateResourceAccessorsForAndroidMain NO-SOURCE
> Task :shared:copyNonXmlValueResourcesForCommonMain UP-TO-DATE
> Task :shared:prepareComposeResourcesTaskForCommonMain UP-TO-DATE
> Task :shared:generateResourceAccessorsForCommonMain UP-TO-DATE
> Task :shared:copyAndroidMainComposeResourcesToAndroidAssets UP-TO-DATE
> Task :shared:generateActualResourceCollectorsForAndroidMain UP-TO-DATE
> Task :shared:packageAndroidMainResources UP-TO-DATE
> Task :shared:parseAndroidMainLocalResources UP-TO-DATE
> Task :shared:generateAndroidMainRFile UP-TO-DATE

> Task :shared:compileAndroidMain FAILED
e: file:///D:/DAM/pharmaMobil-master/shared/src/commonMain/kotlin/pe/edu/upeu/pharmamobil/platform/Formato.kt:7:1 Expected formatearSoles has no actual declaration in module <commonMain> for JVM

[Incubating] Problems report is available at: file:///D:/DAM/pharmaMobil-master/build/reports/problems/problems-report.html

FAILURE: Build failed with an exception.

* What went wrong:
Execution failed for task ':shared:compileAndroidMain'.
> A failure occurred while executing org.jetbrains.kotlin.compilerRunner.btapi.BuildToolsApiCompilationWork
   > Compilation error. See log for more details

* Try:
> Run with --stacktrace option to get the stack trace.
> Run with --info or --debug option to get more log output.
> Run with --scan to generate a Build Scan (Powered by Develocity).
> Get more help at https://help.gradle.org.

BUILD FAILED in 29s
13 actionable tasks: 2 executed, 11 up-to-date
Configuration cache entry reused.
